{
  "alias": null,
  "description": "a benchmark tool",
  "doc": null,
  "license": "MIT",
  "method": "git",
  "name": "golden",
  "tags": [
    "benchmark",
    "profile",
    "golden",
    "runtime",
    "run",
    "profiling",
    "bench",
    "speed"
  ],
  "url": "https://github.com/disruptek/golden",
  "web": "https://github.com/disruptek/golden"
}
